
> react-typescript-starter@0.1.0 test
> react-scripts test --coverage

Browserslist: caniuse-lite is outdated. Please run:
  npx browserslist@latest --update-db
  Why you should do it regularly: https://github.com/browserslist/browserslist#browsers-data-updating
PASS src/App.test.tsx
  ✓ renders the course name somewhere (74 ms)

---------------------------|---------|----------|---------|---------|-------------------
File                       | % Stmts | % Branch | % Funcs | % Lines | Uncovered Line #s 
---------------------------|---------|----------|---------|---------|-------------------
All files                  |   32.43 |    16.66 |   18.18 |   34.28 |                   
 src                       |     100 |      100 |     100 |     100 |                   
  App.tsx                  |     100 |      100 |     100 |     100 |                   
 src/Components            |   30.55 |    16.66 |   14.28 |   32.35 |                   
  AddDeleteCourses.tsx     |      60 |        0 |      40 |   66.66 | 22-25,32          
  InsertRemoveSemester.tsx |       0 |      100 |       0 |       0 | 11-58             
  SeeSingleSemester.tsx    |   35.71 |       25 |   14.28 |   35.71 | 12-70,78-82       
  clearSemesters.tsx       |       0 |      100 |       0 |       0 | 11-14             
 src/interfaces            |       0 |        0 |       0 |       0 |                   
  class.ts                 |       0 |        0 |       0 |       0 |                   
  degreePlan.ts            |       0 |        0 |       0 |       0 |                   
  semster.ts               |       0 |        0 |       0 |       0 |                   
---------------------------|---------|----------|---------|---------|-------------------
Test Suites: 1 passed, 1 total
Tests:       1 passed, 1 total
Snapshots:   0 total
Time:        2.58 s
Ran all test suites.
